// Jest Snapshot v1, https://goo.gl/fbAQLP

exports[`Button Component matches snapshot 1`] = `
<DocumentFragment>
  <button
    class="wfp--btn wfp--btn--primary"
    type="button"
  >
    Snapshot Button
  </button>
</DocumentFragment>
`;
